Γû▓ Next.js 16.1.6 (Turbopack)
- Environments: .env.local, .env

  Creating an optimized production build ...
Γ£ô Compiled successfully in 26.8s
  Running TypeScript ...
  Collecting page data using 7 workers ...
  Generating static pages using 7 workers (0/20) ...
  Generating static pages using 7 workers (5/20) 
  Generating static pages using 7 workers (10/20) 
  Generating static pages using 7 workers (15/20) 
Γ£ô Generating static pages using 7 workers (20/20) in 1689.6ms
  Finalizing page optimization ...

Route (app)
Γöî ╞Æ /_not-found
Γö£ ╞Æ /api/auth/logout
Γö£ ╞Æ /api/auth/profile
Γö£ ╞Æ /api/auth/refresh
Γö£ ╞Æ /api/auth/token
Γö£ ╞Æ /api/upload
Γö£ ╞Æ /dashboard
Γö£ ╞Æ /dashboard/(.)all-activities
Γö£ ╞Æ /dashboard/all-activities
Γö£ ╞Æ /dashboard/checkin-system
Γö£ ╞Æ /dashboard/customers
Γö£ ╞Æ /dashboard/customers/profile/[customer_id]
Γö£ ╞Æ /dashboard/events
Γö£ ╞Æ /dashboard/events/create
Γö£ ╞Æ /dashboard/events/duplicate/[event_id]
Γö£ ╞Æ /dashboard/events/edit-draft/[event_id]
Γö£ ╞Æ /dashboard/financials
Γö£ ╞Æ /dashboard/marketing-tools
Γö£ ╞Æ /dashboard/sales-analytics
Γö£ ╞Æ /dashboard/settings/account
Γö£ ╞Æ /dashboard/settings/security
Γöö ╞Æ /dashboard/settings/subscription


╞Æ Proxy (Middleware)

╞Æ  (Dynamic)  server-rendered on demand

