src/app/api/auth/profile/route.ts(27,22): error TS2552: Cannot find name 'ProfileResponse'. Did you mean 'ApiResponse'?
src/app/api/auth/refresh/route.ts(1,10): error TS2305: Module '"@/endpoints"' has no exported member 'REFRESH_TOKEN_ENDPOINT'.
src/app/api/upload/route.ts(2,34): error TS2307: Cannot find module 'cloudinary' or its corresponding type declarations.
src/app/api/upload/route.ts(31,10): error TS7006: Parameter 'error' implicitly has an 'any' type.
src/app/api/upload/route.ts(31,17): error TS7006: Parameter 'result' implicitly has an 'any' type.
src/app/dashboard/(dashboard-view)/@upcomingEvents/page.tsx(15,30): error TS2322: Type 'UpcomingEventsData' is not assignable to type 'TabSlice<UpcomingEvent>'.
  Types of property 'next' are incompatible.
    Type 'string | null' is not assignable to type 'number | null'.
      Type 'string' is not assignable to type 'number'.
src/components-data/demo-data.ts(11,7): error TS2353: Object literal may only specify known properties, and 'isPositive' does not exist in type '{ value: string | number; period: string; }'.
src/components-data/demo-data.ts(25,7): error TS2353: Object literal may only specify known properties, and 'isPositive' does not exist in type '{ value: string | number; period: string; }'.
src/components-data/demo-data.ts(39,7): error TS2353: Object literal may only specify known properties, and 'isPositive' does not exist in type '{ value: string | number; period: string; }'.
src/components-data/demo-data.ts(53,7): error TS2353: Object literal may only specify known properties, and 'isPositive' does not exist in type '{ value: string | number; period: string; }'.
src/components-data/demo-data.ts(61,27): error TS2552: Cannot find name 'ActivityItem'. Did you mean 'ActivityType'?
src/components-data/demo-data.ts(95,30): error TS2552: Cannot find name 'NotificationItem'. Did you mean 'Notification'?
src/components-data/demo-data.ts(123,36): error TS2304: Cannot find name 'TopPerformingEvent'.
src/components-data/demo-data.ts(160,34): error TS2304: Cannot find name 'EventTableData'.
src/components-data/demo-data.ts(427,9): error TS2820: Type '"top-spender"' is not assignable to type 'CustomerListStatus'. Did you mean '"top_spender"'?
src/components-data/demo-data.ts(438,9): error TS2820: Type '"repeat-buyer"' is not assignable to type 'CustomerListStatus'. Did you mean '"repeat_buyer"'?
src/components-data/demo-data.ts(449,9): error TS2820: Type '"first-timer"' is not assignable to type 'CustomerListStatus'. Did you mean '"first_timer"'?
src/components-data/demo-data.ts(460,9): error TS2820: Type '"repeat-buyer"' is not assignable to type 'CustomerListStatus'. Did you mean '"repeat_buyer"'?
src/components-data/demo-data.ts(471,9): error TS2820: Type '"repeat-buyer"' is not assignable to type 'CustomerListStatus'. Did you mean '"repeat_buyer"'?
src/components-data/demo-data.ts(482,9): error TS2820: Type '"top-spender"' is not assignable to type 'CustomerListStatus'. Did you mean '"top_spender"'?
src/components-data/demo-data.ts(538,9): error TS2322: Type 'number' is not assignable to type 'string'.
src/components-data/demo-data.ts(558,9): error TS2322: Type 'number' is not assignable to type 'string'.
src/components-data/demo-data.ts(578,9): error TS2322: Type 'number' is not assignable to type 'string'.
src/components-data/demo-data.ts(598,9): error TS2322: Type 'number' is not assignable to type 'string'.
src/components-data/demo-data.ts(618,9): error TS2322: Type 'number' is not assignable to type 'string'.
src/components-data/demo-data.ts(638,9): error TS2322: Type 'number' is not assignable to type 'string'.
src/components-data/demo-data.ts(658,9): error TS2322: Type 'number' is not assignable to type 'string'.
src/components-data/demo-data.ts(678,9): error TS2322: Type 'number' is not assignable to type 'string'.
src/components-data/demo-data.ts(687,38): error TS2304: Cannot find name 'PayoutTransaction'.
src/components-data/demo-data.ts(869,5): error TS2322: Type 'number' is not assignable to type 'string'.
src/components-data/demo-data.ts(890,5): error TS2322: Type 'number' is not assignable to type 'string'.
src/components-data/demo-data.ts(911,5): error TS2322: Type 'number' is not assignable to type 'string'.
src/components-data/demo-data.ts(932,5): error TS2322: Type 'number' is not assignable to type 'string'.
src/components-data/demo-data.ts(953,5): error TS2322: Type 'number' is not assignable to type 'string'.
src/components-data/demo-data.ts(974,5): error TS2322: Type 'number' is not assignable to type 'string'.
src/components-data/demo-data.ts(995,5): error TS2322: Type 'number' is not assignable to type 'string'.
src/components-data/demo-data.ts(1016,5): error TS2322: Type 'number' is not assignable to type 'string'.
src/components/create-event/CreateEventStep3.tsx(32,9): error TS2322: Type 'Resolver<{ ticketTypes: { id: string; ticketType: string; price: unknown; currency: string; quantity: unknown; description?: string | undefined; perPersonMax?: unknown; promoCode?: { codeWord: string; discountAmount: unknown; maximumUsers: unknown; validTill: string; } | undefined; }[]; salesPeriod: { ...; }; refund...' is not assignable to type 'Resolver<{ ticketTypes: { id: string; ticketType: string; price: number; currency: string; quantity: number; description?: string | undefined; perPersonMax?: number | undefined; promoCode?: { codeWord: string; discountAmount: number; maximumUsers: number; validTill: string; } | undefined; }[]; salesPeriod: { ...; };...'.
  Types of parameters 'options' and 'options' are incompatible.
    Type 'ResolverOptions<{ ticketTypes: { id: string; ticketType: string; price: number; currency: string; quantity: number; description?: string | undefined; perPersonMax?: number | undefined; promoCode?: { codeWord: string; discountAmount: number; maximumUsers: number; validTill: string; } | undefined; }[]; salesPeriod: { ...' is not assignable to type 'ResolverOptions<{ ticketTypes: { id: string; ticketType: string; price: unknown; currency: string; quantity: unknown; description?: string | undefined; perPersonMax?: unknown; promoCode?: { codeWord: string; discountAmount: unknown; maximumUsers: unknown; validTill: string; } | undefined; }[]; salesPeriod: { ...; };...'.
      Types of property 'names' are incompatible.
        Type 'string[] | undefined' is not assignable to type '("ticketTypes" | "salesPeriod" | "refundPolicy" | "customRefundPercentage")[] | undefined'.
          Type 'string[]' is not assignable to type '("ticketTypes" | "salesPeriod" | "refundPolicy" | "customRefundPercentage")[]'.
            Type 'string' is not assignable to type '"ticketTypes" | "salesPeriod" | "refundPolicy" | "customRefundPercentage"'.
src/components/create-event/CreateEventStep3.tsx(69,44): error TS2345: Argument of type 'SubmitHandler<{ ticketTypes: { id: string; ticketType: string; price: number; currency: string; quantity: number; description?: string | undefined; perPersonMax?: number | undefined; promoCode?: { codeWord: string; discountAmount: number; maximumUsers: number; validTill: string; } | undefined; }[]; salesPeriod: { .....' is not assignable to parameter of type 'SubmitHandler<TFieldValues>'.
  Type 'TFieldValues' is not assignable to type '{ ticketTypes: { id: string; ticketType: string; price: number; currency: string; quantity: number; description?: string | undefined; perPersonMax?: number | undefined; promoCode?: { codeWord: string; discountAmount: number; maximumUsers: number; validTill: string; } | undefined; }[]; salesPeriod: { ...; }; refundPo...'.
    Type 'FieldValues' is missing the following properties from type '{ ticketTypes: { id: string; ticketType: string; price: number; currency: string; quantity: number; description?: string | undefined; perPersonMax?: number | undefined; promoCode?: { codeWord: string; discountAmount: number; maximumUsers: number; validTill: string; } | undefined; }[]; salesPeriod: { ...; }; refundPo...': ticketTypes, salesPeriod, refundPolicy
src/components/create-event/CreateEventStep4.tsx(35,9): error TS2322: Type 'Resolver<{ checkInSettings: { qrCodeEnabled: boolean; ageRestriction: boolean; minimumAge?: unknown; }; emailNotifications: { orderConfirmation: boolean; ticketDelivery: boolean; reminders: boolean; postEventEmails: boolean; customizeSenderName: boolean; senderName?: string | undefined; }; affiliateProgram: { ...; }...' is not assignable to type 'Resolver<{ checkInSettings: { qrCodeEnabled: boolean; ageRestriction: boolean; minimumAge?: number | undefined; }; emailNotifications: { orderConfirmation: boolean; ticketDelivery: boolean; reminders: boolean; postEventEmails: boolean; customizeSenderName: boolean; senderName?: string | undefined; }; affiliateProgra...'.
  Types of parameters 'options' and 'options' are incompatible.
    Type 'ResolverOptions<{ checkInSettings: { qrCodeEnabled: boolean; ageRestriction: boolean; minimumAge?: number | undefined; }; emailNotifications: { orderConfirmation: boolean; ticketDelivery: boolean; reminders: boolean; postEventEmails: boolean; customizeSenderName: boolean; senderName?: string | undefined; }; affiliat...' is not assignable to type 'ResolverOptions<{ checkInSettings: { qrCodeEnabled: boolean; ageRestriction: boolean; minimumAge?: unknown; }; emailNotifications: { orderConfirmation: boolean; ticketDelivery: boolean; reminders: boolean; postEventEmails: boolean; customizeSenderName: boolean; senderName?: string | undefined; }; affiliateProgram: {...'.
      Type 'unknown' is not assignable to type 'number | undefined'.
src/components/create-event/CreateEventStep4.tsx(107,40): error TS2345: Argument of type 'SubmitHandler<{ checkInSettings: { qrCodeEnabled: boolean; ageRestriction: boolean; minimumAge?: number | undefined; }; emailNotifications: { orderConfirmation: boolean; ticketDelivery: boolean; reminders: boolean; postEventEmails: boolean; customizeSenderName: boolean; senderName?: string | undefined; }; affiliateP...' is not assignable to parameter of type 'SubmitHandler<TFieldValues>'.
  Type 'TFieldValues' is not assignable to type '{ checkInSettings: { qrCodeEnabled: boolean; ageRestriction: boolean; minimumAge?: number | undefined; }; emailNotifications: { orderConfirmation: boolean; ticketDelivery: boolean; reminders: boolean; postEventEmails: boolean; customizeSenderName: boolean; senderName?: string | undefined; }; affiliateProgram: { ...;...'.
    Type 'FieldValues' is missing the following properties from type '{ checkInSettings: { qrCodeEnabled: boolean; ageRestriction: boolean; minimumAge?: number | undefined; }; emailNotifications: { orderConfirmation: boolean; ticketDelivery: boolean; reminders: boolean; postEventEmails: boolean; customizeSenderName: boolean; senderName?: string | undefined; }; affiliateProgram: { ...;...': checkInSettings, emailNotifications, affiliateProgram, permissions
src/components/custom-utils/TableDataDisplayAreas/filters/TicketTypeFilter.tsx(5,35): error TS2307: Cannot find module '../../dialogs/EventFilterDropdownMobileBottomSheet' or its corresponding type declarations.
